Starting Metro Bundler

Android Bundled 9460ms node_modules/expo-router/entry.js (1404 modules)

› Assets (29):
assets/splash-icon.png (18KB)
node_modules/@expo-google-fonts/material-symbols/400Regular/MaterialSymbols_400Regular.ttf (963KB)
node_modules/@expo/vector-icons/build/vendor/react-native-vector-icons/Fonts/MaterialCommunityIcons.ttf (1.3MB)
node_modules/expo-router/assets/arrow_down.png (9.5KB)
node_modules/expo-router/assets/arrow_right.xml (307B)
node_modules/expo-router/assets/checkmark.xml (312B)
node_modules/expo-router/assets/error.png (469B)
node_modules/expo-router/assets/file.png (138B)
node_modules/expo-router/assets/forward.png (188B)
node_modules/expo-router/assets/pkg.png (364B)
node_modules/expo-router/assets/react-navigation/elements/back-icon-mask.png (653B)
node_modules/expo-router/assets/react-navigation/elements/back-icon.png (4 variations | 152B)
node_modules/expo-router/assets/react-navigation/elements/clear-icon.png (4 variations | 425B)
node_modules/expo-router/assets/react-navigation/elements/close-icon.png (4 variations | 235B)
node_modules/expo-router/assets/react-navigation/elements/search-icon.png (4 variations | 599B)
node_modules/expo-router/assets/sitemap.png (465B)
node_modules/expo-router/assets/unmatched.png (4.8KB)

› android bundles (1):
_expo/static/js/android/entry-d61096050ba7bc13bc03fc6c38461f64.hbc (3.4MB)

› Files (1):
metadata.json (2KB)

Exported: dist
