
> marketplace-mvp@0.1.0 mobile:rc10.4:moderation-acceptance
> node scripts/rc10.4-moderation-staging-acceptance.mjs

[cleanup] http: }
{
  "generatedAt": "2026-08-25T16:33:07.142Z",
  "staging": "https://web-production-e56fb.up.railway.app",
  "runId": "green-865a180",
  "deployedSha": "865a180",
  "server500Events": [
    {
      "runId": "green-865a180",
      "path": "/api/mobile/catalog/products?q=rc104-green-865a180-C",
      "method": "GET",
      "status": 500,
      "body": {
        "error": {
          "code": "CATALOG_ERROR",
          "message": "Не удалось загрузить каталог",
          "retryable": true
        }
      },
      "at": "2026-08-25T16:32:42.296Z"
    },
    {
      "runId": "green-865a180",
      "path": "/api/products/cmt8vve3k000srx01x3p6mqvh",
      "method": "GET",
      "status": 500,
      "body": {
        "error": "Не удалось получить товар"
      },
      "at": "2026-08-25T16:32:42.381Z"
    },
    {
      "runId": "green-865a180",
      "path": "/api/admin/moderation/cmt8vve3k000srx01x3p6mqvh/decision",
      "method": "GET",
      "status": 500,
      "body": {
        "error": "Не удалось загрузить карточку модерации"
      },
      "at": "2026-08-25T16:32:42.538Z"
    },
    {
      "runId": "green-865a180",
      "path": "/api/mobile/seller/products/cmt8vve3k000srx01x3p6mqvh",
      "method": "PATCH",
      "status": 500,
      "body": {
        "error": "Не удалось обновить ЛОТ"
      },
      "at": "2026-08-25T16:32:42.680Z"
    },
    {
      "runId": "green-865a180",
      "path": "/api/admin/moderation/cmt8vve3k000srx01x3p6mqvh/decision",
      "method": "GET",
      "status": 500,
      "body": {
        "error": "Не удалось загрузить карточку модерации"
      },
      "at": "2026-08-25T16:32:42.807Z"
    },
    {
      "runId": "green-865a180",
      "path": "/api/mobile/seller/products/cmt8vve3k000srx01x3p6mqvh",
      "method": "PATCH",
      "status": 500,
      "body": {
        "error": "Не удалось обновить ЛОТ"
      },
      "at": "2026-08-25T16:32:42.914Z"
    }
  ],
  "unexplainedServer500Count": 6,
  "effectiveConfig": {
    "note": "Runtime env inferred from moderation behavior; secrets not logged",
    "trustLoopInferred": true,
    "moderationAutomationModeInferred": "SHADOW"
  },
  "scenarios": [
    {
      "scenario": "deploy",
      "status": "PASS",
      "deployedSha": "865a180",
      "expectedSha": "865a180",
      "databaseOk": true
    },
    {
      "scenario": "migration-api",
      "status": "PASS",
      "adminModerationStatus": 200,
      "counters": {
        "pending": 123,
        "needsFix": 5,
        "rejected": 5,
        "highRisk": 0,
        "overdue": 0
      }
    },
    {
      "scenario": "A",
      "status": "PASS",
      "productId": "cmt8vv3oy0009rx01867haf0f",
      "moderationId": "cmt8vv3xb000jrx01mjvp7xrh",
      "serverState": {
        "productStatus": "DRAFT",
        "moderationStatus": "PENDING_REVIEW",
        "reviewMode": "MANUAL",
        "stage": "MANUAL_REVIEW",
        "contentVersion": 1,
        "systemRecommendation": "MANUAL_REVIEW",
        "isPublic": false
      },
      "buyerVisibility": {
        "catalogHit": false,
        "pdpOk": false,
        "pdpStatus": 404
      },
      "auditVerified": false
    },
    {
      "scenario": "B",
      "status": "PASS",
      "productId": "cmt8vv3oy0009rx01867haf0f",
      "approveStatus": 200,
      "approveBody": true,
      "serverState": {
        "moderationStatus": "APPROVED",
        "productStatus": "ACTIVE",
        "publishedAt": "2026-08-25T16:32:31.770Z"
      },
      "buyerVisibility": {
        "catalogHit": true,
        "pdpOk": true,
        "pdpStatus": 200
      },
      "auditVerified": false
    },
    {
      "scenario": "C",
      "status": "FAIL",
      "productId": "cmt8vve3k000srx01x3p6mqvh",
      "serverState": {},
      "buyerVisibility": {
        "before": {
          "catalogHit": false,
          "pdpOk": false,
          "pdpStatus": 500
        },
        "after": {
          "catalogHit": true,
          "pdpOk": true,
          "pdpStatus": 200
        }
      },
      "auditVerified": true
    },
    {
      "scenario": "D",
      "status": "PASS",
      "productId": "cmt8vvkf6001drx012qczzyio",
      "buyerVisibility": {
        "catalogHit": false,
        "pdpOk": false,
        "pdpStatus": 404
      },
      "auditVerified": true
    },
    {
      "scenario": "E",
      "status": "PASS",
      "productId": "cmt8vvosd001wrx01ue9nwo4n",
      "serverState": {
        "moderationStatus": "PENDING_REVIEW",
        "systemRecommendation": "MANUAL_REVIEW",
        "riskScore": 0
      },
      "auditVerified": true
    },
    {
      "scenario": "F",
      "status": "PASS",
      "productId": "cmt8vvqdk002drx017l6cusj2",
      "serverState": {
        "beforeStatus": "ACTIVE",
        "afterStatus": "DRAFT",
        "moderationStatus": "PENDING_REVIEW",
        "contentVersion": 2,
        "moderatedContentVersion": 1
      },
      "buyerVisibility": {
        "before": {
          "catalogHit": true,
          "pdpOk": true,
          "pdpStatus": 200
        },
        "after": {
          "catalogHit": false,
          "pdpOk": false,
          "pdpStatus": 404
        }
      },
      "auditVerified": true
    },
    {
      "scenario": "G",
      "status": "PASS",
      "buyerApproveStatus": 403,
      "sellerApproveStatus": 403,
      "sellerBypassStatus": 200,
      "crossSellerStatus": 404
    },
    {
      "scenario": "H",
      "status": "PASS",
      "productId": "cmt8vvyhn0037rx01xw1w3ru2",
      "decisions": {
        "first": 200,
        "secondApprove": 409,
        "rejectAfter": 409
      },
      "auditEventCount": 0,
      "auditVerified": false
    }
  ],
  "adminAcceptance": {
    "queueLoads": true,
    "detailLoads": true,
    "counters": {
      "pending": 123,
      "needsFix": 5,
      "rejected": 5,
      "highRisk": 0,
      "overdue": 0
    },
    "verdict": "PASS"
  },
  "verdict": "BLOCKED_FOR_RC10_4_BUILD"
}
